---
source: src/tests/snapshots/mod.rs
expression: dart
---
// ignore_for_file: unnecessary_cast
