---
source: src/tests/snapshots/mod.rs
expression: dart
---
void someCode() {}
