---
source: src/model/tests.rs
expression: ron
---
Library {
    preamble: None,
    postamble: None,
    meta: None,
    defaults: None,
    enums: [],
    classes: [],
    unions: [
        Union {
            span: Span(
                0,
                0,
            ),
            name: SpannedScalar {
                value: "Animal",
                span: SourceSpan {
                    offset: SourceOffset(
                        26,
                    ),
                    length: 8,
                },
            },
            sealed: None,
            json_discriminant: None,
            json_discriminant_value_case: None,
            annotations: None,
            builder_annotations: None,
            docs: None,
            classes: [
                Class {
                    span: Span(
                        0,
                        0,
                    ),
                    name: SpannedScalar {
                        value: "Dog",
                        span: SourceSpan {
                            offset: SourceOffset(
                                45,
                            ),
                            length: 5,
                        },
                    },
                    allow_non_pascal_case: None,
                    fields: [
                        Field {
                            name: SpannedScalar {
                                value: "name",
                                span: SourceSpan {
                                    offset: SourceOffset(
                                        63,
                                    ),
                                    length: 6,
                                },
                            },
                            ty: SpannedScalar {
                                value: "String",
                                span: SourceSpan {
                                    offset: SourceOffset(
                                        75,
                                    ),
                                    length: 8,
                                },
                            },
                            defaults_to: None,
                            defaults_to_dart: None,
                            docs: None,
                            to_json: None,
                            from_json: None,
                            json_key: None,
                        },
                    ],
                    docs: None,
                    json_key_case: None,
                    json_discriminant_value: None,
                    annotations: None,
                    builder_annotations: None,
                    extra_dart: None,
                    builder_extra_dart: None,
                },
                Class {
                    span: Span(
                        0,
                        0,
                    ),
                    name: SpannedScalar {
                        value: "Cat",
                        span: SourceSpan {
                            offset: SourceOffset(
                                97,
                            ),
                            length: 5,
                        },
                    },
                    allow_non_pascal_case: None,
                    fields: [
                        Field {
                            name: SpannedScalar {
                                value: "age",
                                span: SourceSpan {
                                    offset: SourceOffset(
                                        115,
                                    ),
                                    length: 5,
                                },
                            },
                            ty: SpannedScalar {
                                value: "int",
                                span: SourceSpan {
                                    offset: SourceOffset(
                                        126,
                                    ),
                                    length: 5,
                                },
                            },
                            defaults_to: None,
                            defaults_to_dart: None,
                            docs: None,
                            to_json: None,
                            from_json: None,
                            json_key: None,
                        },
                    ],
                    docs: None,
                    json_key_case: None,
                    json_discriminant_value: None,
                    annotations: None,
                    builder_annotations: None,
                    extra_dart: None,
                    builder_extra_dart: None,
                },
            ],
            extra_dart: [],
        },
    ],
}
