---
source: src/model/tests.rs
expression: ron
---
Library {
    preamble: Some(
        "\n// a comment \n",
    ),
    postamble: None,
    defaults: None,
    enums: [],
    classes: [],
    unions: [],
}
