---
source: src/model/tests.rs
expression: ron
---
Library {
    preamble: None,
    postamble: None,
    defaults: None,
    enums: [],
    classes: [],
    unions: [],
}
